---
source: src/ui/layout/overlay/support.rs
expression: "snapshot_terminal(&model, MIN_TERMINAL_WIDTH, MIN_TERMINAL_HEIGHT)"
---
┌ Traffic ───────────────────────────────────────────────────────────┐
│ ↑ 0.0┌──────────────────────────────────────────────────────┐ectio │
└──────│                     Enjoying kvn?                    │──────┘
┌ Profi│                                                      │──────┐
│ No so│ If it saves you time, you can say thanks with a      │om    │
│clipbo│ coffee.                                              │      │
│      │                                                      │      │
│      │                  Buy me a coffee ☕                   │      │
│      │                  Maybe later                         │      │
│      │                  Don't ask again                     │      │
│      │                                                      │      │
│      │                 󰌑 confirm · q/󱊷 close                │      │
│      └──────────────────────────────────────────────────────┘      │
└────────────────────────────────────────────────────────────────────┘
 DISCONNECTED                                              DoH  Global
[70x15]
