---
source: src/ui/layout/overlay/onboarding.rs
expression: "snapshot_terminal(&model, APP_WINDOW_COLS, APP_WINDOW_ROWS)"
---
┌ Traffic ──────────────────────────────────────────────────────────────────────────────────────────────────────┐
│ ↑ 0.0 KB/s  ↓ 0.0 KB/s    Total: ↑ 0.0 KB  ↓ 0.0 KB    0 connections                                          │
└───────────────────────────────────────────────────────────────────────────────────────────────────────────────┘
┌ Profiles ─────────────────────────────────────────────┐┌ Logs ────────────────────────────────────────────────┐
│ No sources. Press p to paste a profile or subscription││                                                      │
│URL from clipboard.                                    ││                                                      │
│                                                       ││                                                      │
│                                                       ││                                                      │
│                                                       ││                                                      │
│                                                       ││                                                      │
│                                                       ││                                                      │
│                           ┌──────────────────────────────────────────────────────┐                            │
│                           │                Getting started · 3/10                │                            │
│                           │                                                      │                            │
│                           │                     Routing mode                     │                            │
│                           │                                                      │                            │
│                           │ Global routes all traffic through the VPN.           │                            │
│                           │                                                      │                            │
│                           │ Country-specific routing modes become available when │                            │
│                           │ you select a country region.                         │                            │
│                           │                                                      │                            │
│                           │                      󰌑 continue                      │                            │
│                           └──────────────────────────────────────────────────────┘                            │
│                                                       ││                                                      │
│                                                       ││                                                      │
│                                                       ││                                                      │
│                                                       ││                                                      │
│                                                       ││                                                      │
│                                                       ││                                                      │
│                                                       ││                                                      │
│                                                       ││                                                      │
│                                                       ││                                                      │
│                                                       ││                                                      │
└───────────────────────────────────────────────────────┘└──────────────────────────────────────────────────────┘
 DISCONNECTED                                                                                         DoH  Global
[113x35]
