---
source: src/ui/layout/overlay/onboarding.rs
expression: "snapshot_styles(&model, APP_WINDOW_COLS, APP_WINDOW_ROWS)"
---
┌ Traffic ──────────────────────────────────────────────────────────────────────────────────────────────────────┐
│ ↑ 0.0 KB/s  ↓ 0.0 KB/s    Total: ↑ 0.0 KB  ↓ 0.0 KB    0 connections                                          │
└───────────────────────────────────────────────────────────────────────────────────────────────────────────────┘
┌ Profiles ─────────────────────────────────────────────┐┌ Logs ────────────────────────────────────────────────┐
│ No sources. Press p to paste a profile or subscription││                                                      │
│URL from clipboard.                                    ││                                                      │
│                                                       ││                                                      │
│                                                       ││                                                      │
│                           ┌──────────────────────────────────────────────────────┐                            │
│                           │                Getting started · 9/10                │                            │
│                           │                                                      │                            │
│                           │                Set up the kill switch                │                            │
│                           │                                                      │                            │
│                           │ The kill switch prevents new internet connections    │                            │
│                           │ from going outside the VPN if the tunnel goes down.  │                            │
│                           │                                                      │                            │
│                           │ First, set it up:                                    │                            │
│                           │                                                      │                            │
│                           │ sudo pacman -S --needed nftables \                   │                            │
│                           │   && sudo kvn setup --killswitch                     │                            │
│                           │                                                      │                            │
│                           │ Reboot once, then press Shift+K to toggle the kill   │                            │
│                           │ switch.                                              │                            │
│                           │                                                      │                            │
│                           │              󰌑 continue · y copy command             │                            │
│                           └──────────────────────────────────────────────────────┘                            │
│                                                       ││                                                      │
│                                                       ││                                                      │
│                                                       ││                                                      │
│                                                       ││                                                      │
│                                                       ││                                                      │
│                                                       ││                                                      │
│                                                       ││                                                      │
└───────────────────────────────────────────────────────┘└──────────────────────────────────────────────────────┘
 DISCONNECTED                                                                        DoH  Global    (off) never 
[113x35]
--- styles ---
aaaaaaaaaaaaaaaaaaaaaaaaaaaaaaaaaaaaaaaaaaaaaaaaaaaaaaaaaaaaaaaaaaaaaaaaaaaaaaaaaaaaaaaaaaaaaaaaaaaaaaaaaaaaaaaaa
abccddddddddbbeeddddddddbbbbdddddddccddddddbbeeddddddbbbbeddddddddddddbbbbbbbbbbbbbbbbbbbbbbbbbbbbbbbbbbbbbbbbbba
aaaaaaaaaaaaaaaaaaaaaaaaaaaaaaaaaaaaaaaaaaaaaaaaaaaaaaaaaaaaaaaaaaaaaaaaaaaaaaaaaaaaaaaaaaaaaaaaaaaaaaaaaaaaaaaaa
aaaaaaaaaaaaaaaaaaaaaaaaaaaaaaaaaaaaaaaaaaaaaaaaaaaaaaaaaaaaaaaaaaaaaaaaaaaaaaaaaaaaaaaaaaaaaaaaaaaaaaaaaaaaaaaaa
adddddddddddddddddddddddddddddddddddddddddddddddddddddddaabbbbbbbbbbbbbbbbbbbbbbbbbbbbbbbbbbbbbbbbbbbbbbbbbbbbbba
adddddddddddddddddddbbbbbbbbbbbbbbbbbbbbbbbbbbbbbbbbbbbbaabbbbbbbbbbbbbbbbbbbbbbbbbbbbbbbbbbbbbbbbbbbbbbbbbbbbbba
abbbbbbbbbbbbbbbbbbbbbbbbbbbbbbbbbbbbbbbbbbbbbbbbbbbbbbbaabbbbbbbbbbbbbbbbbbbbbbbbbbbbbbbbbbbbbbbbbbbbbbbbbbbbbba
abbbbbbbbbbbbbbbbbbbbbbbbbbbbbbbbbbbbbbbbbbbbbbbbbbbbbbbaabbbbbbbbbbbbbbbbbbbbbbbbbbbbbbbbbbbbbbbbbbbbbbbbbbbbbba
abbbbbbbbbbbbbbbbbbbbbbbbbbbeeeeeeeeeeeeeeeeeeeeeeeeeeeeeeeeeeeeeeeeeeeeeeeeeeeeeeeebbbbbbbbbbbbbbbbbbbbbbbbbbbba
abbbbbbbbbbbbbbbbbbbbbbbbbbbeddddddddddddddddeeeeeeeeeeeeeeeeeeeeeeddddddddddddddddebbbbbbbbbbbbbbbbbbbbbbbbbbbba
abbbbbbbbbbbbbbbbbbbbbbbbbbbeddddddddddddddddddddddddddddddddddddddddddddddddddddddebbbbbbbbbbbbbbbbbbbbbbbbbbbba
abbbbbbbbbbbbbbbbbbbbbbbbbbbeddddddddddddddddddddddddddddddddddddddddddddddddddddddebbbbbbbbbbbbbbbbbbbbbbbbbbbba
abbbbbbbbbbbbbbbbbbbbbbbbbbbeddddddddddddddddddddddddddddddddddddddddddddddddddddddebbbbbbbbbbbbbbbbbbbbbbbbbbbba
abbbbbbbbbbbbbbbbbbbbbbbbbbbeddddddddddddddddddddddddddddddddddddddddddddddddddddddebbbbbbbbbbbbbbbbbbbbbbbbbbbba
abbbbbbbbbbbbbbbbbbbbbbbbbbbeddddddddddddddddddddddddddddddddddddddddddddddddddddddebbbbbbbbbbbbbbbbbbbbbbbbbbbba
abbbbbbbbbbbbbbbbbbbbbbbbbbbeddddddddddddddddddddddddddddddddddddddddddddddddddddddebbbbbbbbbbbbbbbbbbbbbbbbbbbba
abbbbbbbbbbbbbbbbbbbbbbbbbbbeddddddddddddddddddddddddddddddddddddddddddddddddddddddebbbbbbbbbbbbbbbbbbbbbbbbbbbba
abbbbbbbbbbbbbbbbbbbbbbbbbbbeddddddddddddddddddddddddddddddddddddddddddddddddddddddebbbbbbbbbbbbbbbbbbbbbbbbbbbba
abbbbbbbbbbbbbbbbbbbbbbbbbbbedccccccccccccccccccccccccccccccccccdddddddddddddddddddebbbbbbbbbbbbbbbbbbbbbbbbbbbba
abbbbbbbbbbbbbbbbbbbbbbbbbbbedccccccccccccccccccccccccccccccccdddddddddddddddddddddebbbbbbbbbbbbbbbbbbbbbbbbbbbba
abbbbbbbbbbbbbbbbbbbbbbbbbbbeddddddddddddddddddddddddddddddddddddddddddddddddddddddebbbbbbbbbbbbbbbbbbbbbbbbbbbba
abbbbbbbbbbbbbbbbbbbbbbbbbbbedddddddddddddddddddddddddcccccccddddddddddddddddddddddebbbbbbbbbbbbbbbbbbbbbbbbbbbba
abbbbbbbbbbbbbbbbbbbbbbbbbbbeddddddddddddddddddddddddddddddddddddddddddddddddddddddebbbbbbbbbbbbbbbbbbbbbbbbbbbba
abbbbbbbbbbbbbbbbbbbbbbbbbbbeddddddddddddddddddddddddddddddddddddddddddddddddddddddebbbbbbbbbbbbbbbbbbbbbbbbbbbba
abbbbbbbbbbbbbbbbbbbbbbbbbbbeddddddddddddddddddddddddddddddddddddddddddddddddddddddebbbbbbbbbbbbbbbbbbbbbbbbbbbba
abbbbbbbbbbbbbbbbbbbbbbbbbbbeeeeeeeeeeeeeeeeeeeeeeeeeeeeeeeeeeeeeeeeeeeeeeeeeeeeeeeebbbbbbbbbbbbbbbbbbbbbbbbbbbba
abbbbbbbbbbbbbbbbbbbbbbbbbbbbbbbbbbbbbbbbbbbbbbbbbbbbbbbaabbbbbbbbbbbbbbbbbbbbbbbbbbbbbbbbbbbbbbbbbbbbbbbbbbbbbba
abbbbbbbbbbbbbbbbbbbbbbbbbbbbbbbbbbbbbbbbbbbbbbbbbbbbbbbaabbbbbbbbbbbbbbbbbbbbbbbbbbbbbbbbbbbbbbbbbbbbbbbbbbbbbba
abbbbbbbbbbbbbbbbbbbbbbbbbbbbbbbbbbbbbbbbbbbbbbbbbbbbbbbaabbbbbbbbbbbbbbbbbbbbbbbbbbbbbbbbbbbbbbbbbbbbbbbbbbbbbba
abbbbbbbbbbbbbbbbbbbbbbbbbbbbbbbbbbbbbbbbbbbbbbbbbbbbbbbaabbbbbbbbbbbbbbbbbbbbbbbbbbbbbbbbbbbbbbbbbbbbbbbbbbbbbba
abbbbbbbbbbbbbbbbbbbbbbbbbbbbbbbbbbbbbbbbbbbbbbbbbbbbbbbaabbbbbbbbbbbbbbbbbbbbbbbbbbbbbbbbbbbbbbbbbbbbbbbbbbbbbba
abbbbbbbbbbbbbbbbbbbbbbbbbbbbbbbbbbbbbbbbbbbbbbbbbbbbbbbaabbbbbbbbbbbbbbbbbbbbbbbbbbbbbbbbbbbbbbbbbbbbbbbbbbbbbba
abbbbbbbbbbbbbbbbbbbbbbbbbbbbbbbbbbbbbbbbbbbbbbbbbbbbbbbaabbbbbbbbbbbbbbbbbbbbbbbbbbbbbbbbbbbbbbbbbbbbbbbbbbbbbba
aaaaaaaaaaaaaaaaaaaaaaaaaaaaaaaaaaaaaaaaaaaaaaaaaaaaaaaaaaaaaaaaaaaaaaaaaaaaaaaaaaaaaaaaaaaaaaaaaaaaaaaaaaaaaaaaa
ffffffffffffffggggggggggggggggggggggggggggggggggggggggggggggggggggggggggggggggggggggghhhgghhhhhhggiiiiiiiiiiiiiii
a fg=DarkGray bg=Black
b fg=Reset bg=Black
c fg=Green bg=Black BOLD
d fg=Gray bg=Black
e fg=Cyan bg=Black BOLD
f fg=Gray bg=Rgb(43, 43, 43) BOLD
g fg=Gray bg=Rgb(14, 14, 14)
h fg=Cyan bg=Rgb(14, 14, 14) BOLD
i fg=Black bg=Red BOLD
