---
source: src/ui/layout/overlay.rs
expression: "snapshot_terminal(&model, MIN_TERMINAL_WIDTH, MIN_TERMINAL_HEIGHT)"
---
┌ Traffic ───────────────────────────────────────────────────────────┐
│ ↑ 0.0 KB/s  ↓ 0.0 KB/s    Total: ↑ 0.0 KB  ↓ 0.0 KB    0 connectio │
└────────────────────────────────────────────────────────────────────┘
┌ Profiles ───────┌───────────────────────────────┐──────────────────┐
│ └ Alpha         │   Settings › Routing › Mode   │less  1.1.1.1:443 │
│                 │                               │                  │
│                 │           Global              │                  │
│                 │           Bypass RU           │                  │
│                 │           Only RU             │                  │
│                 │                               │                  │
│                 │      󰌑 apply · q/󱊷 close      │                  │
│                 └───────────────────────────────┘                  │
│                                                                    │
└────────────────────────────────────────────────────────────────────┘
 DISCONNECTED                             DoH  Global    (off) never 
[70x15]
