---
source: src/ui/layout/overlay.rs
expression: "snapshot_terminal(&model, MIN_TERMINAL_WIDTH, MIN_TERMINAL_HEIGHT)"
---
┌ Traffic ───────────────────────────────────────────────────────────┐
│ ↑ 0.0 KB/s  ↓ 0.0 KB/s    Total: ↑ 0.0 KB  ↓ 0.0 KB    0 connectio │
└────────────────────────────────────────────────────────────────────┘
┌ Profiles ──────────────────────────────────────────────────────────┐
│ └ Alpha  ┌──────────────────────────────────────────────┐1.1.1:443 │
│          │               Restart required               │          │
│          │                                              │          │
│          │               kvn was updated.               │          │
│          │                                              │          │
│          │             󰌑 restart the daemon             │          │
│          └──────────────────────────────────────────────┘          │
│                                                                    │
│                                                                    │
└────────────────────────────────────────────────────────────────────┘
 DISCONNECTED                                              DoH  Global
[70x15]
