---
source: src/ui/layout.rs
expression: output
---
┌ Traffic ─────────────────────────────────────────────────────────────────────┐
│ ↑ 0.0 KB/s  ↓ 0.0 KB/s    Total: ↑ 0.0 KB  ↓ 0.0 KB    0 connections         │
└──────────────────────────────────────────────────────────────────────────────┘
┌ Profiles ────────────────────────────────────────────────────────────────────┐
│ ├ MyProfile                                     vless  very-long-hostname... │
│ └ Short                                         vless  1.1.1.1:443           │
│                                                                              │
│                                                                              │
│                                                                              │
│                                                                              │
│                                                                              │
│                                                                              │
│                                                                              │
│                                                                              │
│                                                                              │
│                                                                              │
│                                                                              │
│                                                                              │
└──────────────────────────────────────────────────────────────────────────────┘
 DISCONNECTED                                                        DoH  Global
